
> redacao-nota-10-frontend@1.0.0 build
> next build

▲ Next.js 16.3.5 (Turbopack)
✓ Running next.config took 17ms

  Creating an optimized production build ...
✓ Compiled successfully in 1151ms
  Running TypeScript ...
  Finished TypeScript in 3.0s ...
  Collecting page data using 10 workers ...
  Generating static pages using 10 workers (0/9) ...
  Generating static pages using 10 workers (2/9) 
  Generating static pages using 10 workers (4/9) 
  Generating static pages using 10 workers (6/9) 
✓ Generating static pages using 10 workers (9/9) in 995ms
  Finalizing page optimization ...

Route (app)
┌ ○ /
├ ○ /_not-found
├ ƒ /auth/callback
├ ○ /dashboard
├ ○ /historico
├ ○ /login
├ ○ /pagamento
└ ○ /signup


○  (Static)   prerendered as static content
ƒ  (Dynamic)  server-rendered on demand

